// Jest Snapshot v1, https://goo.gl/fbAQLP

exports[`Navbar data is correct 1`] = `
Array [
  Object {
    "id": 1,
    "slug": "/",
    "title": "Home",
  },
  Object {
    "id": 2,
    "slug": "/about",
    "title": "About",
  },
  Object {
    "id": 3,
    "slug": "/blog",
    "title": "Blog",
  },
  Object {
    "id": 4,
    "slug": "/projects",
    "title": "Projects",
  },
]
`;
