// Jest Snapshot v1, https://goo.gl/fbAQLP

exports[`ThemeSelect defaults to system theme 1`] = `
<div>
  <script
    nonce=""
  >
    ((e,s,n,m,o,l,u,h)=&gt;{let a=document.documentElement,v=["light","dark"];function p(c){(Array.isArray(e)?e:[e]).forEach(y=&gt;{let k=y==="class",S=k&&l?o.map(f=&gt;l[f]||f):o;k?(a.classList.remove(...S),a.classList.add(c)):a.setAttribute(y,c)}),C(c)}function C(c){h&&v.includes(c)&&(a.style.colorScheme=c)}function d(){return window.matchMedia("(prefers-color-scheme: dark)").matches?"dark":"light"}if(m)p(m);else try{let c=localStorage.getItem(s)||n,y=u&&c==="system"?d():c;p(y)}catch(c){}})("class","theme","system",null,["light","dark"],null,true,true)
  </script>
  <span
    class="VisuallyHidden_root__1j3z15c0"
    id="visually-hidden"
  >
    <label
      for="theme-select"
    >
      Select theme
    </label>
  </span>
  <div
    class="ThemeSelect_root__14xq7xg0"
  >
    <span
      class="ThemeSelect_icon__14xq7xg1"
    >
      <svg
        fill="none"
        height="24"
        stroke="currentColor"
        stroke-linecap="round"
        stroke-linejoin="round"
        stroke-width="2"
        viewBox="0 0 24 24"
        width="0.9em"
        xmlns="http://www.w3.org/2000/svg"
      >
        <rect
          height="14"
          rx="2"
          ry="2"
          width="20"
          x="2"
          y="3"
        />
        <line
          x1="8"
          x2="16"
          y1="21"
          y2="21"
        />
        <line
          x1="12"
          x2="12"
          y1="17"
          y2="21"
        />
      </svg>
    </span>
    <span
      class="VisuallyHidden_root__1j3z15c0"
      id="visually-hidden"
    >
      <label
        for="theme-select"
      >
        Theme
      </label>
    </span>
    <select
      class="ThemeSelect_select__14xq7xg2"
      id="theme-select"
    >
      <option
        id="theme-system"
        value="system"
      >
        System
      </option>
      <option
        id="theme-light"
        value="light"
      >
        Light
      </option>
      <option
        id="theme-dark"
        value="dark"
      >
        Dark
      </option>
    </select>
    <span
      class="ThemeSelect_arrow__14xq7xg3"
      data-testid="ThemeSelect-system"
    >
      <svg
        fill="none"
        height="24"
        stroke="currentColor"
        stroke-linecap="round"
        stroke-linejoin="round"
        stroke-width="2"
        style="transform: rotate(90deg);"
        viewBox="0 0 24 24"
        width="0.9em"
        xmlns="http://www.w3.org/2000/svg"
      >
        <polyline
          points="16 18 22 12 16 6"
        />
        <polyline
          points="8 6 2 12 8 18"
        />
      </svg>
    </span>
  </div>
</div>
`;
